// Jest Snapshot v1, https://goo.gl/fbAQLP

exports[`EditWord test matches snapshot 1`] = `
<div><button type="button" class="mb-5 test-save-btn v-btn v-btn--contained theme--light v-size--default primary" color="primary"><span class="v-btn__content">Save Edits</span></button>
  <div class="font-weight-bold mb-2">Word</div>
  <div class="col-sm-7 col-lg-5 col-11">
    <div class="v-input mb-4 test-edit-word v-input--is-label-active v-input--is-dirty theme--light v-text-field v-text-field--enclosed v-text-field--outlined">
      <div class="v-input__control">
        <div class="v-input__slot">
          <fieldset aria-hidden="true">
            <legend style="width: 0px;"><span>â€‹</span></legend>
          </fieldset>
          <div class="v-text-field__slot"><input id="input-6" type="text"></div>
        </div>
        <div class="v-text-field__details">
          <div class="v-messages theme--light">
            <transition-group-stub tag="div" name="message-transition" class="v-messages__wrapper"></transition-group-stub>
          </div>
        </div>
      </div>
    </div>
  </div>
  <div class="font-weight-bold mb-2">Translations</div> <button type="button" class="v-btn v-btn--flat v-btn--text theme--light v-size--default primary--text"><span class="v-btn__content"><i aria-hidden="true" class="v-icon notranslate mdi mdi-plus theme--light"></i>
    Add translation
  </span></button>
  <div class="v-snack v-snack--bottom v-snack--has-background" style="padding-bottom: 0px; padding-top: 0px;">
    <transition-stub name="v-snack-transition">
      <div class="v-snack__wrapper v-sheet theme--dark" style="display: none;">
        <div role="status" aria-live="polite" class="v-snack__content">
          Translation deleted
        </div>
        <div class="v-snack__action "><button type="button" class="v-btn v-btn--flat v-btn--text theme--dark v-size--default info--text v-snack__btn"><span class="v-btn__content">
        Undo
      </span></button></div>
      </div>
    </transition-stub>
  </div>
</div>
`;
