// Jest Snapshot v1, https://goo.gl/fbAQLP

exports[`ArchivesList test matches snapshot 1`] = `
Object {
  "baseElement": <body>
    <div
      data-app="true"
    />
    <div>
      <div>
        <div>
          <router-link-stub
            to="/archives/1"
          >
            Archive1 (6 texts |
      2 dossiers)
          </router-link-stub>
        </div>
        <div>
          <router-link-stub
            to="/archives/2"
          >
            Archive2 (3 texts |
      1 dossiers)
          </router-link-stub>
        </div>
        <div>
          <router-link-stub
            to="/archives/3"
          >
            Archive3 (30 texts |
      7 dossiers)
          </router-link-stub>
        </div>
        <div>
          <router-link-stub
            to="/archives/4"
          >
            Archive4 (20 texts |
      4 dossiers)
          </router-link-stub>
        </div>
        <div>
          <router-link-stub
            to="/archives/5"
          >
            Archive5 (15 texts |
      8 dossiers)
          </router-link-stub>
        </div>
        <div>
          <router-link-stub
            to="/archives/6"
          >
            Archive6 (21 texts |
      9 dossiers)
          </router-link-stub>
        </div>
      </div>
    </div>
  </body>,
  "container": <div>
    <div>
      <div>
        <router-link-stub
          to="/archives/1"
        >
          Archive1 (6 texts |
      2 dossiers)
        </router-link-stub>
      </div>
      <div>
        <router-link-stub
          to="/archives/2"
        >
          Archive2 (3 texts |
      1 dossiers)
        </router-link-stub>
      </div>
      <div>
        <router-link-stub
          to="/archives/3"
        >
          Archive3 (30 texts |
      7 dossiers)
        </router-link-stub>
      </div>
      <div>
        <router-link-stub
          to="/archives/4"
        >
          Archive4 (20 texts |
      4 dossiers)
        </router-link-stub>
      </div>
      <div>
        <router-link-stub
          to="/archives/5"
        >
          Archive5 (15 texts |
      8 dossiers)
        </router-link-stub>
      </div>
      <div>
        <router-link-stub
          to="/archives/6"
        >
          Archive6 (21 texts |
      9 dossiers)
        </router-link-stub>
      </div>
    </div>
  </div>,
  "debug": [Function],
  "emitted": [Function],
  "findAllByAltText": [Function],
  "findAllByDisplayValue": [Function],
  "findAllByLabelText": [Function],
  "findAllByPlaceholderText": [Function],
  "findAllByRole": [Function],
  "findAllByTestId": [Function],
  "findAllByText": [Function],
  "findAllByTitle": [Function],
  "findByAltText": [Function],
  "findByDisplayValue": [Function],
  "findByLabelText": [Function],
  "findByPlaceholderText": [Function],
  "findByRole": [Function],
  "findByTestId": [Function],
  "findByText": [Function],
  "findByTitle": [Function],
  "getAllByAltText": [Function],
  "getAllByDisplayValue": [Function],
  "getAllByLabelText": [Function],
  "getAllByPlaceholderText": [Function],
  "getAllByRole": [Function],
  "getAllByTestId": [Function],
  "getAllByText": [Function],
  "getAllByTitle": [Function],
  "getByAltText": [Function],
  "getByDisplayValue": [Function],
  "getByLabelText": [Function],
  "getByPlaceholderText": [Function],
  "getByRole": [Function],
  "getByTestId": [Function],
  "getByText": [Function],
  "getByTitle": [Function],
  "html": [Function],
  "isUnmounted": [Function],
  "queryAllByAltText": [Function],
  "queryAllByDisplayValue": [Function],
  "queryAllByLabelText": [Function],
  "queryAllByPlaceholderText": [Function],
  "queryAllByRole": [Function],
  "queryAllByTestId": [Function],
  "queryAllByText": [Function],
  "queryAllByTitle": [Function],
  "queryByAltText": [Function],
  "queryByDisplayValue": [Function],
  "queryByLabelText": [Function],
  "queryByPlaceholderText": [Function],
  "queryByRole": [Function],
  "queryByTestId": [Function],
  "queryByText": [Function],
  "queryByTitle": [Function],
  "unmount": [Function],
  "updateProps": [Function],
}
`;
