// Jest Snapshot v1, https://goo.gl/fbAQLP

exports[`CollectionsList test matches snapshot 1`] = `
Object {
  "baseElement": <body>
    <div
      data-app="true"
    />
    <div>
      <div>
        <div
          class="fixed"
        >
          <router-link-stub
            class="mr-2 mb-2 v-btn v-btn--is-elevated v-btn--fab v-btn--has-bg v-btn--round v-btn--router theme--light v-size--small primary"
          >
            <span
              class="v-btn__content"
            >
              A-J
            </span>
          </router-link-stub>
          <router-link-stub
            class="mr-2 mb-2 v-btn v-btn--is-elevated v-btn--fab v-btn--has-bg v-btn--round v-btn--router theme--light v-size--small primary"
          >
            <span
              class="v-btn__content"
            >
              K
            </span>
          </router-link-stub>
          <router-link-stub
            class="mr-2 mb-2 v-btn v-btn--is-elevated v-btn--fab v-btn--has-bg v-btn--round v-btn--router theme--light v-size--small primary"
          >
            <span
              class="v-btn__content"
            >
              L-Z
            </span>
          </router-link-stub>
        </div>
         
        <div>
          <router-link-stub
            to="/collections/name/1"
          >
            Adana Museum
    
          </router-link-stub>
        </div>
        <div>
          <router-link-stub
            to="/collections/name/2"
          >
            Istanbul Archaeological Museum
    
          </router-link-stub>
        </div>
        <div>
          <router-link-stub
            to="/collections/name/3"
          >
            Kayseri Museum
    
          </router-link-stub>
        </div>
        <div>
          <router-link-stub
            to="/collections/name/4"
          >
            Kt 08/k
    
          </router-link-stub>
        </div>
        <div>
          <router-link-stub
            to="/collections/name/5"
          >
            Metropolitan Museum of Art
    
          </router-link-stub>
        </div>
        <div>
          <router-link-stub
            to="/collections/name/6"
          >
            Schoyen Collection
    
          </router-link-stub>
        </div>
      </div>
    </div>
  </body>,
  "container": <div>
    <div>
      <div
        class="fixed"
      >
        <router-link-stub
          class="mr-2 mb-2 v-btn v-btn--is-elevated v-btn--fab v-btn--has-bg v-btn--round v-btn--router theme--light v-size--small primary"
        >
          <span
            class="v-btn__content"
          >
            A-J
          </span>
        </router-link-stub>
        <router-link-stub
          class="mr-2 mb-2 v-btn v-btn--is-elevated v-btn--fab v-btn--has-bg v-btn--round v-btn--router theme--light v-size--small primary"
        >
          <span
            class="v-btn__content"
          >
            K
          </span>
        </router-link-stub>
        <router-link-stub
          class="mr-2 mb-2 v-btn v-btn--is-elevated v-btn--fab v-btn--has-bg v-btn--round v-btn--router theme--light v-size--small primary"
        >
          <span
            class="v-btn__content"
          >
            L-Z
          </span>
        </router-link-stub>
      </div>
       
      <div>
        <router-link-stub
          to="/collections/name/1"
        >
          Adana Museum
    
        </router-link-stub>
      </div>
      <div>
        <router-link-stub
          to="/collections/name/2"
        >
          Istanbul Archaeological Museum
    
        </router-link-stub>
      </div>
      <div>
        <router-link-stub
          to="/collections/name/3"
        >
          Kayseri Museum
    
        </router-link-stub>
      </div>
      <div>
        <router-link-stub
          to="/collections/name/4"
        >
          Kt 08/k
    
        </router-link-stub>
      </div>
      <div>
        <router-link-stub
          to="/collections/name/5"
        >
          Metropolitan Museum of Art
    
        </router-link-stub>
      </div>
      <div>
        <router-link-stub
          to="/collections/name/6"
        >
          Schoyen Collection
    
        </router-link-stub>
      </div>
    </div>
  </div>,
  "debug": [Function],
  "emitted": [Function],
  "findAllByAltText": [Function],
  "findAllByDisplayValue": [Function],
  "findAllByLabelText": [Function],
  "findAllByPlaceholderText": [Function],
  "findAllByRole": [Function],
  "findAllByTestId": [Function],
  "findAllByText": [Function],
  "findAllByTitle": [Function],
  "findByAltText": [Function],
  "findByDisplayValue": [Function],
  "findByLabelText": [Function],
  "findByPlaceholderText": [Function],
  "findByRole": [Function],
  "findByTestId": [Function],
  "findByText": [Function],
  "findByTitle": [Function],
  "getAllByAltText": [Function],
  "getAllByDisplayValue": [Function],
  "getAllByLabelText": [Function],
  "getAllByPlaceholderText": [Function],
  "getAllByRole": [Function],
  "getAllByTestId": [Function],
  "getAllByText": [Function],
  "getAllByTitle": [Function],
  "getByAltText": [Function],
  "getByDisplayValue": [Function],
  "getByLabelText": [Function],
  "getByPlaceholderText": [Function],
  "getByRole": [Function],
  "getByTestId": [Function],
  "getByText": [Function],
  "getByTitle": [Function],
  "html": [Function],
  "isUnmounted": [Function],
  "queryAllByAltText": [Function],
  "queryAllByDisplayValue": [Function],
  "queryAllByLabelText": [Function],
  "queryAllByPlaceholderText": [Function],
  "queryAllByRole": [Function],
  "queryAllByTestId": [Function],
  "queryAllByText": [Function],
  "queryAllByTitle": [Function],
  "queryByAltText": [Function],
  "queryByDisplayValue": [Function],
  "queryByLabelText": [Function],
  "queryByPlaceholderText": [Function],
  "queryByRole": [Function],
  "queryByTestId": [Function],
  "queryByText": [Function],
  "queryByTitle": [Function],
  "unmount": [Function],
  "updateProps": [Function],
}
`;
