// Jest Snapshot v1, https://goo.gl/fbAQLP

exports[`TextsTable test matches snapshot 1`] = `
<div class="v-data-table theme--light" totaltexts="2">
  <div class="v-data-table__wrapper">
    <table>
      <colgroup>
        <col class="">
        <col class="">
        <col class="">
        <col class="">
      </colgroup>
      <thead class="v-data-table-header">
        <tr>
          <th role="columnheader" scope="col" aria-label="Text Name: Not sorted. Activate to sort ascending." aria-sort="none" class="text-start sortable"><span>Text Name</span><i aria-hidden="true" class="v-icon notranslate v-data-table-header__icon mdi mdi-arrow-up theme--light" style="font-size: 18px;"></i></th>
          <th role="columnheader" scope="col" aria-label="Excavation Info: Not sorted. Activate to sort ascending." aria-sort="none" class="text-start sortable"><span>Excavation Info</span><i aria-hidden="true" class="v-icon notranslate v-data-table-header__icon mdi mdi-arrow-up theme--light" style="font-size: 18px;"></i></th>
          <th role="columnheader" scope="col" aria-label="Museum Info: Not sorted. Activate to sort ascending." aria-sort="none" class="text-start sortable"><span>Museum Info</span><i aria-hidden="true" class="v-icon notranslate v-data-table-header__icon mdi mdi-arrow-up theme--light" style="font-size: 18px;"></i></th>
          <th role="columnheader" scope="col" aria-label="Primary Publication Info: Not sorted. Activate to sort ascending." aria-sort="none" class="text-start sortable"><span>Primary Publication Info</span><i aria-hidden="true" class="v-icon notranslate v-data-table-header__icon mdi mdi-arrow-up theme--light" style="font-size: 18px;"></i></th>
        </tr>
      </thead>
      <tbody>
        <tr class="">
          <td class="text-start"><button type="button" class="v-icon notranslate test-pencil mr-4 v-icon--link mdi mdi-pencil theme--light"></button>
            <router-link-stub to="/epigraphies/1">
              CCT 3 31
            </router-link-stub>
            <!---->
          </td>
          <td class="text-start">
            <div class="row">
              <div class="col-sm-6 col-8"><span>   </span></div>
            </div>
            <!---->
          </td>
          <td class="text-start">
            <div class="row">
              <div class="col-sm-6 col-8"><span>   </span></div>
            </div>
            <!---->
          </td>
          <td class="text-start">
            <div class="row">
              <div class="col-sm-6 col-8"><span>

        </span></div>
            </div>
            <!---->
          </td>
        </tr>
        <tr class="">
          <td class="text-start"><button type="button" class="v-icon notranslate test-pencil mr-4 v-icon--link mdi mdi-pencil theme--light"></button>
            <router-link-stub to="/epigraphies/2">
              CCT 1 12b
            </router-link-stub>
            <!---->
          </td>
          <td class="text-start">
            <div class="row">
              <div class="col-sm-6 col-8"><span>   </span></div>
            </div>
            <!---->
          </td>
          <td class="text-start">
            <div class="row">
              <div class="col-sm-6 col-8"><span>   </span></div>
            </div>
            <!---->
          </td>
          <td class="text-start">
            <div class="row">
              <div class="col-sm-6 col-8"><span>

        </span></div>
            </div>
            <!---->
          </td>
        </tr>
      </tbody>
    </table>
  </div>
</div>
`;
