// Jest Snapshot v1, https://goo.gl/fbAQLP

exports[`OareBreadcrumbs test matches snapshot 1`] = `
<div class="d-flex">
  <div>
    <router-link-stub to="/item1">Item 1</router-link-stub> <span class="mx-3">&gt;</span>
  </div>
  <div>
    <router-link-stub to="/item2">Item 2</router-link-stub> <span class="mx-3">&gt;</span>
  </div>
  <div>
    <router-link-stub to="/item3">Item 3</router-link-stub>
    <!---->
  </div>
</div>
`;
