// Jest Snapshot v1, https://goo.gl/fbAQLP

exports[`OareDataTable should render 1`] = `
<div class="v-data-table v-data-table--has-bottom theme--light" headers="[object Object],[object Object]" items="[object Object],[object Object]">
  <div class="v-data-table__wrapper">
    <table>
      <colgroup>
        <col class="">
        <col class="">
      </colgroup>
      <thead class="v-data-table-header">
        <tr>
          <th role="columnheader" scope="col" aria-label="Name: Sorted descending. Activate to sort ascending." aria-sort="descending" class="text-start sortable active desc"><span>Name</span><i aria-hidden="true" class="v-icon notranslate v-data-table-header__icon mdi mdi-arrow-up theme--light" style="font-size: 18px;"></i></th>
          <th role="columnheader" scope="col" aria-label="Age: Not sorted. Activate to sort ascending." aria-sort="none" class="text-start sortable"><span>Age</span><i aria-hidden="true" class="v-icon notranslate v-data-table-header__icon mdi mdi-arrow-up theme--light" style="font-size: 18px;"></i></th>
        </tr>
      </thead>
      <tbody>
        <tr class="">
          <td class="text-start">Jeff</td>
          <td class="text-start">15</td>
        </tr>
        <tr class="">
          <td class="text-start">Amy</td>
          <td class="text-start">22</td>
        </tr>
      </tbody>
    </table>
  </div>
  <div class="v-data-footer">
    <div class="v-data-footer__select">Rows per page:<div class="v-input v-input--hide-details v-input--is-label-active v-input--is-dirty theme--light v-text-field v-select">
        <div class="v-input__control">
          <div role="button" aria-haspopup="listbox" aria-expanded="false" aria-owns="list-10" class="v-input__slot">
            <div class="v-select__slot">
              <div class="v-select__selections">
                <div class="v-select__selection v-select__selection--comma">10</div><input aria-label="Rows per page:" id="input-10" readonly="readonly" type="text" aria-readonly="false" autocomplete="off">
              </div>
              <div class="v-input__append-inner">
                <div class="v-input__icon v-input__icon--append"><i aria-hidden="true" class="v-icon notranslate mdi mdi-menu-down theme--light"></i></div>
              </div><input type="hidden" value="10">
            </div>
            <div class="v-menu">
              <!---->
            </div>
          </div>
        </div>
      </div>
    </div>
    <div class="v-data-footer__pagination">1-2 of 2</div>
    <div class="v-data-footer__icons-before"><button type="button" disabled="disabled" class="v-btn v-btn--disabled v-btn--icon v-btn--round v-btn--text theme--light v-size--default" aria-label="Previous page"><span class="v-btn__content"><i aria-hidden="true" class="v-icon notranslate mdi mdi-chevron-left theme--light"></i></span></button></div>
    <div class="v-data-footer__icons-after"><button type="button" disabled="disabled" class="v-btn v-btn--disabled v-btn--icon v-btn--round v-btn--text theme--light v-size--default" aria-label="Next page"><span class="v-btn__content"><i aria-hidden="true" class="v-icon notranslate mdi mdi-chevron-right theme--light"></i></span></button></div>
  </div>
</div>
`;
