// Jest Snapshot v1, https://goo.gl/fbAQLP

exports[`OareAppBar.vue matches snapshot 1`] = `
<header class="v-sheet theme--dark v-toolbar v-toolbar--extended v-app-bar v-app-bar--clipped v-app-bar--fixed" style="height: 112px; margin-top: 0px; transform: translateY(0px); left: 0px; right: 0px; background-color: rgb(0, 46, 93); border-color: #002e5d;">
  <div class="v-toolbar__content" style="height: 64px;"><button type="button" class="v-app-bar__nav-icon v-btn v-btn--flat v-btn--icon v-btn--round theme--dark v-size--default"><span class="v-btn__content"><i aria-hidden="true" class="v-icon notranslate mdi mdi-menu theme--dark"></i></span></button>
    <div id="logo"><a href="https://byu.edu" target="_blank">
        <div class="v-image v-responsive mt-5 mx-3 theme--dark" style="max-height: 50px; max-width: 75px;">
          <transition-stub name="fade-transition" mode="in-out">
            <div class="v-image__image v-image__image--preload v-image__image--cover" style="background-position: center center;"></div>
          </transition-stub>
          <div class="v-responsive__content"></div>
        </div>
      </a></div>
    <div id="leftSide">
      <div id="titleBox">
        <div class="subtitle-1"><a href="https://history.byu.edu" target="_blank" class="blue-grey--text text--lighten-3 no_underline"></a></div>
        <div class="headline">
          <router-link-stub to="/" class="white--text no_underline"></router-link-stub>
        </div>
      </div>
    </div>
    <div class="spacer"></div>
    <div>
      <div class="v-menu"><button type="button" class="v-btn v-btn--flat v-btn--icon v-btn--round theme--light v-size--small"><span class="v-btn__content"><span class="flag-icon flag-icon-us"></span></span></button>
        <!---->
      </div>
      <!---->
      <div class="v-menu"><button type="button" class="v-btn v-btn--flat v-btn--text theme--dark v-size--default"><span class="v-btn__content">
          ,
          Test
        </span></button>
        <!---->
      </div>
    </div>
  </div>
  <div class="v-toolbar__extension" style="height: 48px;">
    <div class="row d-flex justify-center">
      <!---->
      <!---->
      <!---->
      <router-link-stub class="v-btn v-btn--flat v-btn--router v-btn--text theme--dark v-size--default"><span class="v-btn__content">Texts</span></router-link-stub>
      <router-link-stub class="v-btn v-btn--flat v-btn--router v-btn--text theme--dark v-size--default"><span class="v-btn__content">Search</span></router-link-stub>
    </div>
  </div>
</header>
`;
