// Jest Snapshot v1, https://goo.gl/fbAQLP

exports[`OareLoaderButton test matches snapshot 1`] = `<button type="button" class="v-btn v-btn--is-elevated v-btn--has-bg theme--light v-size--default"><span class="v-btn__content">Test Button</span></button>`;
