// Jest Snapshot v1, https://goo.gl/fbAQLP

exports[`OareContentView matches snapshot 1`] = `
<div>
  <v-card-title-stub datatestid="content-title" data-testid="content-title" class="oare-header font-weight-bold d-flex justify-space-between align-start">
    Content view title
  </v-card-title-stub>
  <v-card-text-stub class="black--text"></v-card-text-stub>
  <v-card-actions-stub></v-card-actions-stub>
</div>
`;
