// Jest Snapshot v1, https://goo.gl/fbAQLP

exports[`OareDashboardSidebar matches snapshot 1`] = `
<div role="listbox" class="v-item-group theme--dark v-list-item-group">
  <router-link-stub to="profile">
    <div tabindex="0" data-testid="Profile" role="listitem" aria-selected="false" class="v-list-item v-list-item--link theme--dark">
      <div class="v-list-item__content">
        <div class="v-list-item__title">Profile</div>
      </div>
    </div>
  </router-link-stub>
  <router-link-stub to="drafts">
    <div tabindex="0" data-testid="Drafts" role="listitem" aria-selected="false" class="v-list-item v-list-item--link theme--dark">
      <div class="v-list-item__content">
        <div class="v-list-item__title">Drafts</div>
      </div>
    </div>
  </router-link-stub>
</div>
`;
