// Jest Snapshot v1, https://goo.gl/fbAQLP

exports[`CollectionTexts test matches snapshot 1`] = `
<div>
  <div class="d-flex">
    <div>
      <router-link-stub to="/collections/A-J" tag="a" ariacurrentvalue="page" event="click">Texts</router-link-stub> <span class="mx-3">&gt;</span>
    </div>
    <div>
      <router-link-stub to="/collections/L-Z" tag="a" ariacurrentvalue="page" event="click">L-Z</router-link-stub>
      <!---->
    </div>
  </div>
  <div class="v-card__title oare-header font-weight-bold d-flex justify-space-between align-start test-content-title">
    Test Collection
  </div>
  <div class="v-card__text black--text">
    <div class="spacer"></div>
    <div class="container">
      <div class="row">
        <div class="col col-4 offset-8">
          <div class="v-input test-search v-input--hide-details theme--light v-text-field v-text-field--single-line">
            <div class="v-input__control">
              <div class="v-input__slot">
                <div class="v-text-field__slot"><label for="input-34" class="v-label theme--light" style="left: 0px; position: absolute;">Search</label><input id="input-34" type="text"></div>
                <div class="v-input__append-inner">
                  <div class="v-input__icon v-input__icon--clear"><button disabled="disabled" type="button" aria-label="clear icon" class="v-icon notranslate v-icon--disabled v-icon--link mdi mdi-close theme--light"></button></div>
                </div>
              </div>
            </div>
          </div>
        </div>
      </div>
      <div class="v-data-table theme--light">
        <div class="v-data-table__wrapper">
          <table>
            <colgroup>
              <col class="">
            </colgroup>
            <thead class="v-data-table-header">
              <tr>
                <th role="columnheader" scope="col" aria-label="Text Name: Not sorted. Activate to sort ascending." aria-sort="none" class="text-start sortable"><span>Text Name</span><i aria-hidden="true" class="v-icon notranslate v-data-table-header__icon mdi mdi-arrow-up theme--light" style="font-size: 18px;"></i></th>
              </tr>
            </thead>
            <tbody>
              <tr class="">
                <td class="text-start">
                  <router-link-stub to="/epigraphies/1" tag="a" ariacurrentvalue="page" event="click">CCT 3 31</router-link-stub>
                </td>
              </tr>
              <tr class="">
                <td class="text-start">
                  <router-link-stub to="/epigraphies/2" tag="a" ariacurrentvalue="page" event="click">CCT 1 12b</router-link-stub>
                </td>
              </tr>
            </tbody>
          </table>
        </div>
        <div class="v-data-footer">
          <div class="v-data-footer__select">Rows per page:<div class="v-input v-input--hide-details v-input--is-label-active v-input--is-dirty theme--light v-text-field v-select">
              <div class="v-input__control">
                <div role="button" aria-haspopup="listbox" aria-expanded="false" aria-owns="list-45" class="v-input__slot">
                  <div class="v-select__slot">
                    <div class="v-select__selections">
                      <div class="v-select__selection v-select__selection--comma">10</div><input aria-label="$vuetify.dataTable.itemsPerPageText" id="input-45" readonly="readonly" type="text" aria-readonly="false" autocomplete="off">
                    </div>
                    <div class="v-input__append-inner">
                      <div class="v-input__icon v-input__icon--append"><i aria-hidden="true" class="v-icon notranslate mdi mdi-menu-down theme--light"></i></div>
                    </div><input type="hidden" value="10">
                  </div>
                  <div class="v-menu">
                    <!---->
                  </div>
                </div>
              </div>
            </div>
          </div>
          <div class="v-data-footer__pagination">1-2 of 2</div>
          <div class="v-data-footer__icons-before"><button type="button" disabled="disabled" class="v-btn v-btn--disabled v-btn--flat v-btn--icon v-btn--round v-btn--text theme--light v-size--default" aria-label="Previous page"><span class="v-btn__content"><i aria-hidden="true" class="v-icon notranslate mdi mdi-chevron-left theme--light"></i></span></button></div>
          <div class="v-data-footer__icons-after"><button type="button" disabled="disabled" class="v-btn v-btn--disabled v-btn--flat v-btn--icon v-btn--round v-btn--text theme--light v-size--default" aria-label="Next page"><span class="v-btn__content"><i aria-hidden="true" class="v-icon notranslate mdi mdi-chevron-right theme--light"></i></span></button></div>
        </div>
      </div>
    </div>
  </div>
  <div class="v-card__actions"></div>
</div>
`;
